 Loader0:mySubComp.numSent : Accumulator : Sum.u32 = 30; SumSQ.u32 = 30; Count.u64 = 30; Min.u32 = 1; Max.u32 = 1; 
 Loader1:mySubComp.numRecv : Accumulator : Sum.u32 = 30; SumSQ.u32 = 30; Count.u64 = 30; Min.u32 = 1; Max.u32 = 1; 
Simulation is complete, simulated time: 10 us
