RNGComponentRandom: 99996 of 100000  0.388038059981522 4275532510, 12378631607965563361, -541126707, 2186707794454393257
RNGComponentRandom: 99997 of 100000  0.010428656819077 3906934896, 13743235324042633936, -487176189, -1015175891417134646
RNGComponentRandom: 99998 of 100000  0.759536268068693 3332164752, 16120647920397553951, 1240979340, -8586684626969843966
RNGComponentRandom: 99999 of 100000  0.636479485250786 2738825329, 6099749232502022088, -1491431854, 2302735409192571957
RNGComponentRandom: 100000 of 100000  0.782752259502768 1386796600, 5603489104144064841, -1624776040, -15905414462797530
