WARNING: Building component "d0" with no links assigned.
Bin:
0 100000000
Simulation is complete, simulated time: 100 ms
