Clock is configured for: 1MHz
Clock is configured for: 1MHz
Component completed at: 100 milliseconds
Component completed at: 100 milliseconds
Simulation is complete, simulated time: 100.001 ms
