RNGComponentRandom: 99996 of 100000  0.472864867065303 273683876, 943904740129200809, 425768008, 1330422742789226485
RNGComponentRandom: 99997 of 100000  0.831228848973110 3356837332, 10103277378991389172, 54360489, 6966990551260637183
RNGComponentRandom: 99998 of 100000  0.362489588875903 3033846816, 17131403492876600858, -775958987, 7894107016675227126
RNGComponentRandom: 99999 of 100000  0.468454768291780 1477247099, 6481439967107791177, 1262120106, -704252906516991122
RNGComponentRandom: 100000 of 100000  0.228962001676895 2723816496, 14228818178726390998, 356286477, 4750858843321556286
