WARNING: Building component "Table Comp 0" with no links assigned.
WARNING: Building component "Table Comp 1" with no links assigned.
WARNING: Building component "Table Comp 2" with no links assigned.
WARNING: Building component "Table Comp 3" with no links assigned.
WARNING: Building component "Table Comp 4" with no links assigned.
WARNING: Building component "Table Comp 5" with no links assigned.
WARNING: Building component "Table Comp 6" with no links assigned.
WARNING: Building component "Table Comp 7" with no links assigned.
WARNING: Building component "Table Comp 8" with no links assigned.
WARNING: Building component "Table Comp 9" with no links assigned.
LookupTableComponent   0  [1000]  0x69 0x6d 0x70 0x6f 0x72 0x74 0x20 0x73 
LookupTableComponent   1  [1000]  0x69 0x6d 0x70 0x6f 0x72 0x74 0x20 0x73 
LookupTableComponent   2  [1000]  0x69 0x6d 0x70 0x6f 0x72 0x74 0x20 0x73 
LookupTableComponent   3  [1000]  0x69 0x6d 0x70 0x6f 0x72 0x74 0x20 0x73 
LookupTableComponent   4  [1000]  0x69 0x6d 0x70 0x6f 0x72 0x74 0x20 0x73 
LookupTableComponent   5  [1000]  0x69 0x6d 0x70 0x6f 0x72 0x74 0x20 0x73 
LookupTableComponent   6  [1000]  0x69 0x6d 0x70 0x6f 0x72 0x74 0x20 0x73 
LookupTableComponent   7  [1000]  0x69 0x6d 0x70 0x6f 0x72 0x74 0x20 0x73 
LookupTableComponent   8  [1000]  0x69 0x6d 0x70 0x6f 0x72 0x74 0x20 0x73 
LookupTableComponent   9  [1000]  0x69 0x6d 0x70 0x6f 0x72 0x74 0x20 0x73 
LookupTableComponent   0  [2000]  0x73 0x74 0x0a 0x69 0x6d 0x70 0x6f 0x72 
LookupTableComponent   1  [2000]  0x73 0x74 0x0a 0x69 0x6d 0x70 0x6f 0x72 
LookupTableComponent   2  [2000]  0x73 0x74 0x0a 0x69 0x6d 0x70 0x6f 0x72 
LookupTableComponent   3  [2000]  0x73 0x74 0x0a 0x69 0x6d 0x70 0x6f 0x72 
LookupTableComponent   4  [2000]  0x73 0x74 0x0a 0x69 0x6d 0x70 0x6f 0x72 
LookupTableComponent   5  [2000]  0x73 0x74 0x0a 0x69 0x6d 0x70 0x6f 0x72 
LookupTableComponent   6  [2000]  0x73 0x74 0x0a 0x69 0x6d 0x70 0x6f 0x72 
LookupTableComponent   7  [2000]  0x73 0x74 0x0a 0x69 0x6d 0x70 0x6f 0x72 
LookupTableComponent   8  [2000]  0x73 0x74 0x0a 0x69 0x6d 0x70 0x6f 0x72 
LookupTableComponent   9  [2000]  0x73 0x74 0x0a 0x69 0x6d 0x70 0x6f 0x72 
LookupTableComponent   0  [3000]  0x74 0x20 0x69 0x6e 0x73 0x70 0x65 0x63 
LookupTableComponent   1  [3000]  0x74 0x20 0x69 0x6e 0x73 0x70 0x65 0x63 
LookupTableComponent   2  [3000]  0x74 0x20 0x69 0x6e 0x73 0x70 0x65 0x63 
LookupTableComponent   3  [3000]  0x74 0x20 0x69 0x6e 0x73 0x70 0x65 0x63 
LookupTableComponent   4  [3000]  0x74 0x20 0x69 0x6e 0x73 0x70 0x65 0x63 
LookupTableComponent   5  [3000]  0x74 0x20 0x69 0x6e 0x73 0x70 0x65 0x63 
LookupTableComponent   6  [3000]  0x74 0x20 0x69 0x6e 0x73 0x70 0x65 0x63 
LookupTableComponent   7  [3000]  0x74 0x20 0x69 0x6e 0x73 0x70 0x65 0x63 
LookupTableComponent   8  [3000]  0x74 0x20 0x69 0x6e 0x73 0x70 0x65 0x63 
LookupTableComponent   9  [3000]  0x74 0x20 0x69 0x6e 0x73 0x70 0x65 0x63 
LookupTableComponent   0  [4000]  0x74 0x2c 0x20 0x6f 0x73 0x2c 0x20 0x73 
LookupTableComponent   1  [4000]  0x74 0x2c 0x20 0x6f 0x73 0x2c 0x20 0x73 
LookupTableComponent   2  [4000]  0x74 0x2c 0x20 0x6f 0x73 0x2c 0x20 0x73 
LookupTableComponent   3  [4000]  0x74 0x2c 0x20 0x6f 0x73 0x2c 0x20 0x73 
LookupTableComponent   4  [4000]  0x74 0x2c 0x20 0x6f 0x73 0x2c 0x20 0x73 
LookupTableComponent   5  [4000]  0x74 0x2c 0x20 0x6f 0x73 0x2c 0x20 0x73 
LookupTableComponent   6  [4000]  0x74 0x2c 0x20 0x6f 0x73 0x2c 0x20 0x73 
LookupTableComponent   7  [4000]  0x74 0x2c 0x20 0x6f 0x73 0x2c 0x20 0x73 
LookupTableComponent   8  [4000]  0x74 0x2c 0x20 0x6f 0x73 0x2c 0x20 0x73 
LookupTableComponent   9  [4000]  0x74 0x2c 0x20 0x6f 0x73 0x2c 0x20 0x73 
LookupTableComponent   0  [5000]  0x79 0x73 0x0a 0x0a 0x0a 0x70 0x61 0x72 
LookupTableComponent   1  [5000]  0x79 0x73 0x0a 0x0a 0x0a 0x70 0x61 0x72 
LookupTableComponent   2  [5000]  0x79 0x73 0x0a 0x0a 0x0a 0x70 0x61 0x72 
LookupTableComponent   3  [5000]  0x79 0x73 0x0a 0x0a 0x0a 0x70 0x61 0x72 
LookupTableComponent   4  [5000]  0x79 0x73 0x0a 0x0a 0x0a 0x70 0x61 0x72 
LookupTableComponent   5  [5000]  0x79 0x73 0x0a 0x0a 0x0a 0x70 0x61 0x72 
LookupTableComponent   6  [5000]  0x79 0x73 0x0a 0x0a 0x0a 0x70 0x61 0x72 
LookupTableComponent   7  [5000]  0x79 0x73 0x0a 0x0a 0x0a 0x70 0x61 0x72 
LookupTableComponent   8  [5000]  0x79 0x73 0x0a 0x0a 0x0a 0x70 0x61 0x72 
LookupTableComponent   9  [5000]  0x79 0x73 0x0a 0x0a 0x0a 0x70 0x61 0x72 
LookupTableComponent   0  [6000]  0x61 0x6d 0x73 0x20 0x3d 0x20 0x64 0x69 
LookupTableComponent   1  [6000]  0x61 0x6d 0x73 0x20 0x3d 0x20 0x64 0x69 
LookupTableComponent   2  [6000]  0x61 0x6d 0x73 0x20 0x3d 0x20 0x64 0x69 
LookupTableComponent   3  [6000]  0x61 0x6d 0x73 0x20 0x3d 0x20 0x64 0x69 
LookupTableComponent   4  [6000]  0x61 0x6d 0x73 0x20 0x3d 0x20 0x64 0x69 
LookupTableComponent   5  [6000]  0x61 0x6d 0x73 0x20 0x3d 0x20 0x64 0x69 
LookupTableComponent   6  [6000]  0x61 0x6d 0x73 0x20 0x3d 0x20 0x64 0x69 
LookupTableComponent   7  [6000]  0x61 0x6d 0x73 0x20 0x3d 0x20 0x64 0x69 
LookupTableComponent   8  [6000]  0x61 0x6d 0x73 0x20 0x3d 0x20 0x64 0x69 
LookupTableComponent   9  [6000]  0x61 0x6d 0x73 0x20 0x3d 0x20 0x64 0x69 
LookupTableComponent   0  [7000]  0x63 0x74 0x28 0x7b 0x0a 0x20 0x20 0x20 
LookupTableComponent   1  [7000]  0x63 0x74 0x28 0x7b 0x0a 0x20 0x20 0x20 
LookupTableComponent   2  [7000]  0x63 0x74 0x28 0x7b 0x0a 0x20 0x20 0x20 
LookupTableComponent   3  [7000]  0x63 0x74 0x28 0x7b 0x0a 0x20 0x20 0x20 
LookupTableComponent   4  [7000]  0x63 0x74 0x28 0x7b 0x0a 0x20 0x20 0x20 
LookupTableComponent   5  [7000]  0x63 0x74 0x28 0x7b 0x0a 0x20 0x20 0x20 
LookupTableComponent   6  [7000]  0x63 0x74 0x28 0x7b 0x0a 0x20 0x20 0x20 
LookupTableComponent   7  [7000]  0x63 0x74 0x28 0x7b 0x0a 0x20 0x20 0x20 
LookupTableComponent   8  [7000]  0x63 0x74 0x28 0x7b 0x0a 0x20 0x20 0x20 
LookupTableComponent   9  [7000]  0x63 0x74 0x28 0x7b 0x0a 0x20 0x20 0x20 
LookupTableComponent   0  [8000]  0x20 0x23 0x20 0x53 0x65 0x74 0x20 0x66 
LookupTableComponent   1  [8000]  0x20 0x23 0x20 0x53 0x65 0x74 0x20 0x66 
LookupTableComponent   2  [8000]  0x20 0x23 0x20 0x53 0x65 0x74 0x20 0x66 
LookupTableComponent   3  [8000]  0x20 0x23 0x20 0x53 0x65 0x74 0x20 0x66 
LookupTableComponent   4  [8000]  0x20 0x23 0x20 0x53 0x65 0x74 0x20 0x66 
LookupTableComponent   5  [8000]  0x20 0x23 0x20 0x53 0x65 0x74 0x20 0x66 
LookupTableComponent   6  [8000]  0x20 0x23 0x20 0x53 0x65 0x74 0x20 0x66 
LookupTableComponent   7  [8000]  0x20 0x23 0x20 0x53 0x65 0x74 0x20 0x66 
LookupTableComponent   8  [8000]  0x20 0x23 0x20 0x53 0x65 0x74 0x20 0x66 
LookupTableComponent   9  [8000]  0x20 0x23 0x20 0x53 0x65 0x74 0x20 0x66 
LookupTableComponent   0  [9000]  0x69 0x6c 0x65 0x6e 0x61 0x6d 0x65 0x20 
LookupTableComponent   1  [9000]  0x69 0x6c 0x65 0x6e 0x61 0x6d 0x65 0x20 
LookupTableComponent   2  [9000]  0x69 0x6c 0x65 0x6e 0x61 0x6d 0x65 0x20 
LookupTableComponent   3  [9000]  0x69 0x6c 0x65 0x6e 0x61 0x6d 0x65 0x20 
LookupTableComponent   4  [9000]  0x69 0x6c 0x65 0x6e 0x61 0x6d 0x65 0x20 
LookupTableComponent   5  [9000]  0x69 0x6c 0x65 0x6e 0x61 0x6d 0x65 0x20 
LookupTableComponent   6  [9000]  0x69 0x6c 0x65 0x6e 0x61 0x6d 0x65 0x20 
LookupTableComponent   7  [9000]  0x69 0x6c 0x65 0x6e 0x61 0x6d 0x65 0x20 
LookupTableComponent   8  [9000]  0x69 0x6c 0x65 0x6e 0x61 0x6d 0x65 0x20 
LookupTableComponent   9  [9000]  0x69 0x6c 0x65 0x6e 0x61 0x6d 0x65 0x20 
LookupTableComponent   0  [10000]  0x74 0x6f 0x20 0x74 0x68 0x65 0x20 0x6e 
LookupTableComponent   1  [10000]  0x74 0x6f 0x20 0x74 0x68 0x65 0x20 0x6e 
LookupTableComponent   2  [10000]  0x74 0x6f 0x20 0x74 0x68 0x65 0x20 0x6e 
LookupTableComponent   3  [10000]  0x74 0x6f 0x20 0x74 0x68 0x65 0x20 0x6e 
LookupTableComponent   4  [10000]  0x74 0x6f 0x20 0x74 0x68 0x65 0x20 0x6e 
LookupTableComponent   5  [10000]  0x74 0x6f 0x20 0x74 0x68 0x65 0x20 0x6e 
LookupTableComponent   6  [10000]  0x74 0x6f 0x20 0x74 0x68 0x65 0x20 0x6e 
LookupTableComponent   7  [10000]  0x74 0x6f 0x20 0x74 0x68 0x65 0x20 0x6e 
LookupTableComponent   8  [10000]  0x74 0x6f 0x20 0x74 0x68 0x65 0x20 0x6e 
LookupTableComponent   9  [10000]  0x74 0x6f 0x20 0x74 0x68 0x65 0x20 0x6e 
LookupTableComponent   0  [11000]  0x61 0x6d 0x65 0x20 0x6f 0x66 0x20 0x74 
LookupTableComponent   1  [11000]  0x61 0x6d 0x65 0x20 0x6f 0x66 0x20 0x74 
LookupTableComponent   2  [11000]  0x61 0x6d 0x65 0x20 0x6f 0x66 0x20 0x74 
LookupTableComponent   3  [11000]  0x61 0x6d 0x65 0x20 0x6f 0x66 0x20 0x74 
LookupTableComponent   4  [11000]  0x61 0x6d 0x65 0x20 0x6f 0x66 0x20 0x74 
LookupTableComponent   5  [11000]  0x61 0x6d 0x65 0x20 0x6f 0x66 0x20 0x74 
LookupTableComponent   6  [11000]  0x61 0x6d 0x65 0x20 0x6f 0x66 0x20 0x74 
LookupTableComponent   7  [11000]  0x61 0x6d 0x65 0x20 0x6f 0x66 0x20 0x74 
LookupTableComponent   8  [11000]  0x61 0x6d 0x65 0x20 0x6f 0x66 0x20 0x74 
LookupTableComponent   9  [11000]  0x61 0x6d 0x65 0x20 0x6f 0x66 0x20 0x74 
LookupTableComponent   0  [12000]  0x68 0x69 0x73 0x20 0x66 0x69 0x6c 0x65 
LookupTableComponent   1  [12000]  0x68 0x69 0x73 0x20 0x66 0x69 0x6c 0x65 
LookupTableComponent   2  [12000]  0x68 0x69 0x73 0x20 0x66 0x69 0x6c 0x65 
LookupTableComponent   3  [12000]  0x68 0x69 0x73 0x20 0x66 0x69 0x6c 0x65 
LookupTableComponent   4  [12000]  0x68 0x69 0x73 0x20 0x66 0x69 0x6c 0x65 
LookupTableComponent   5  [12000]  0x68 0x69 0x73 0x20 0x66 0x69 0x6c 0x65 
LookupTableComponent   6  [12000]  0x68 0x69 0x73 0x20 0x66 0x69 0x6c 0x65 
LookupTableComponent   7  [12000]  0x68 0x69 0x73 0x20 0x66 0x69 0x6c 0x65 
LookupTableComponent   8  [12000]  0x68 0x69 0x73 0x20 0x66 0x69 0x6c 0x65 
LookupTableComponent   9  [12000]  0x68 0x69 0x73 0x20 0x66 0x69 0x6c 0x65 
LookupTableComponent   0  [13000]  0x0a 0x20 0x20 0x20 0x20 0x22 0x66 0x69 
LookupTableComponent   1  [13000]  0x0a 0x20 0x20 0x20 0x20 0x22 0x66 0x69 
LookupTableComponent   2  [13000]  0x0a 0x20 0x20 0x20 0x20 0x22 0x66 0x69 
LookupTableComponent   3  [13000]  0x0a 0x20 0x20 0x20 0x20 0x22 0x66 0x69 
LookupTableComponent   4  [13000]  0x0a 0x20 0x20 0x20 0x20 0x22 0x66 0x69 
LookupTableComponent   5  [13000]  0x0a 0x20 0x20 0x20 0x20 0x22 0x66 0x69 
LookupTableComponent   6  [13000]  0x0a 0x20 0x20 0x20 0x20 0x22 0x66 0x69 
LookupTableComponent   7  [13000]  0x0a 0x20 0x20 0x20 0x20 0x22 0x66 0x69 
LookupTableComponent   8  [13000]  0x0a 0x20 0x20 0x20 0x20 0x22 0x66 0x69 
LookupTableComponent   9  [13000]  0x0a 0x20 0x20 0x20 0x20 0x22 0x66 0x69 
LookupTableComponent   0  [14000]  0x6c 0x65 0x6e 0x61 0x6d 0x65 0x22 0x20 
LookupTableComponent   1  [14000]  0x6c 0x65 0x6e 0x61 0x6d 0x65 0x22 0x20 
LookupTableComponent   2  [14000]  0x6c 0x65 0x6e 0x61 0x6d 0x65 0x22 0x20 
LookupTableComponent   3  [14000]  0x6c 0x65 0x6e 0x61 0x6d 0x65 0x22 0x20 
LookupTableComponent   4  [14000]  0x6c 0x65 0x6e 0x61 0x6d 0x65 0x22 0x20 
LookupTableComponent   5  [14000]  0x6c 0x65 0x6e 0x61 0x6d 0x65 0x22 0x20 
LookupTableComponent   6  [14000]  0x6c 0x65 0x6e 0x61 0x6d 0x65 0x22 0x20 
LookupTableComponent   7  [14000]  0x6c 0x65 0x6e 0x61 0x6d 0x65 0x22 0x20 
LookupTableComponent   8  [14000]  0x6c 0x65 0x6e 0x61 0x6d 0x65 0x22 0x20 
LookupTableComponent   9  [14000]  0x6c 0x65 0x6e 0x61 0x6d 0x65 0x22 0x20 
LookupTableComponent   0  [15000]  0x3a 0x20 0x69 0x6e 0x73 0x70 0x65 0x63 
LookupTableComponent   1  [15000]  0x3a 0x20 0x69 0x6e 0x73 0x70 0x65 0x63 
LookupTableComponent   2  [15000]  0x3a 0x20 0x69 0x6e 0x73 0x70 0x65 0x63 
LookupTableComponent   3  [15000]  0x3a 0x20 0x69 0x6e 0x73 0x70 0x65 0x63 
LookupTableComponent   4  [15000]  0x3a 0x20 0x69 0x6e 0x73 0x70 0x65 0x63 
LookupTableComponent   5  [15000]  0x3a 0x20 0x69 0x6e 0x73 0x70 0x65 0x63 
LookupTableComponent   6  [15000]  0x3a 0x20 0x69 0x6e 0x73 0x70 0x65 0x63 
LookupTableComponent   7  [15000]  0x3a 0x20 0x69 0x6e 0x73 0x70 0x65 0x63 
LookupTableComponent   8  [15000]  0x3a 0x20 0x69 0x6e 0x73 0x70 0x65 0x63 
LookupTableComponent   9  [15000]  0x3a 0x20 0x69 0x6e 0x73 0x70 0x65 0x63 
LookupTableComponent   0  [16000]  0x74 0x2e 0x67 0x65 0x74 0x66 0x69 0x6c 
LookupTableComponent   1  [16000]  0x74 0x2e 0x67 0x65 0x74 0x66 0x69 0x6c 
LookupTableComponent   2  [16000]  0x74 0x2e 0x67 0x65 0x74 0x66 0x69 0x6c 
LookupTableComponent   3  [16000]  0x74 0x2e 0x67 0x65 0x74 0x66 0x69 0x6c 
LookupTableComponent   4  [16000]  0x74 0x2e 0x67 0x65 0x74 0x66 0x69 0x6c 
LookupTableComponent   5  [16000]  0x74 0x2e 0x67 0x65 0x74 0x66 0x69 0x6c 
LookupTableComponent   6  [16000]  0x74 0x2e 0x67 0x65 0x74 0x66 0x69 0x6c 
LookupTableComponent   7  [16000]  0x74 0x2e 0x67 0x65 0x74 0x66 0x69 0x6c 
LookupTableComponent   8  [16000]  0x74 0x2e 0x67 0x65 0x74 0x66 0x69 0x6c 
LookupTableComponent   9  [16000]  0x74 0x2e 0x67 0x65 0x74 0x66 0x69 0x6c 
LookupTableComponent   0  [17000]  0x65 0x28 0x69 0x6e 0x73 0x70 0x65 0x63 
LookupTableComponent   1  [17000]  0x65 0x28 0x69 0x6e 0x73 0x70 0x65 0x63 
LookupTableComponent   2  [17000]  0x65 0x28 0x69 0x6e 0x73 0x70 0x65 0x63 
LookupTableComponent   3  [17000]  0x65 0x28 0x69 0x6e 0x73 0x70 0x65 0x63 
LookupTableComponent   4  [17000]  0x65 0x28 0x69 0x6e 0x73 0x70 0x65 0x63 
LookupTableComponent   5  [17000]  0x65 0x28 0x69 0x6e 0x73 0x70 0x65 0x63 
LookupTableComponent   6  [17000]  0x65 0x28 0x69 0x6e 0x73 0x70 0x65 0x63 
LookupTableComponent   7  [17000]  0x65 0x28 0x69 0x6e 0x73 0x70 0x65 0x63 
LookupTableComponent   8  [17000]  0x65 0x28 0x69 0x6e 0x73 0x70 0x65 0x63 
LookupTableComponent   9  [17000]  0x65 0x28 0x69 0x6e 0x73 0x70 0x65 0x63 
LookupTableComponent   0  [18000]  0x74 0x2e 0x63 0x75 0x72 0x72 0x65 0x6e 
LookupTableComponent   1  [18000]  0x74 0x2e 0x63 0x75 0x72 0x72 0x65 0x6e 
LookupTableComponent   2  [18000]  0x74 0x2e 0x63 0x75 0x72 0x72 0x65 0x6e 
LookupTableComponent   3  [18000]  0x74 0x2e 0x63 0x75 0x72 0x72 0x65 0x6e 
LookupTableComponent   4  [18000]  0x74 0x2e 0x63 0x75 0x72 0x72 0x65 0x6e 
LookupTableComponent   5  [18000]  0x74 0x2e 0x63 0x75 0x72 0x72 0x65 0x6e 
LookupTableComponent   6  [18000]  0x74 0x2e 0x63 0x75 0x72 0x72 0x65 0x6e 
LookupTableComponent   7  [18000]  0x74 0x2e 0x63 0x75 0x72 0x72 0x65 0x6e 
LookupTableComponent   8  [18000]  0x74 0x2e 0x63 0x75 0x72 0x72 0x65 0x6e 
LookupTableComponent   9  [18000]  0x74 0x2e 0x63 0x75 0x72 0x72 0x65 0x6e 
LookupTableComponent   0  [19000]  0x74 0x66 0x72 0x61 0x6d 0x65 0x28 0x29 
LookupTableComponent   1  [19000]  0x74 0x66 0x72 0x61 0x6d 0x65 0x28 0x29 
LookupTableComponent   2  [19000]  0x74 0x66 0x72 0x61 0x6d 0x65 0x28 0x29 
LookupTableComponent   3  [19000]  0x74 0x66 0x72 0x61 0x6d 0x65 0x28 0x29 
LookupTableComponent   4  [19000]  0x74 0x66 0x72 0x61 0x6d 0x65 0x28 0x29 
LookupTableComponent   5  [19000]  0x74 0x66 0x72 0x61 0x6d 0x65 0x28 0x29 
LookupTableComponent   6  [19000]  0x74 0x66 0x72 0x61 0x6d 0x65 0x28 0x29 
LookupTableComponent   7  [19000]  0x74 0x66 0x72 0x61 0x6d 0x65 0x28 0x29 
LookupTableComponent   8  [19000]  0x74 0x66 0x72 0x61 0x6d 0x65 0x28 0x29 
LookupTableComponent   9  [19000]  0x74 0x66 0x72 0x61 0x6d 0x65 0x28 0x29 
LookupTableComponent   0  [20000]  0x29 0x0a 0x20 0x20 0x20 0x20 0x7d 0x29 
LookupTableComponent   1  [20000]  0x29 0x0a 0x20 0x20 0x20 0x20 0x7d 0x29 
LookupTableComponent   2  [20000]  0x29 0x0a 0x20 0x20 0x20 0x20 0x7d 0x29 
LookupTableComponent   3  [20000]  0x29 0x0a 0x20 0x20 0x20 0x20 0x7d 0x29 
LookupTableComponent   4  [20000]  0x29 0x0a 0x20 0x20 0x20 0x20 0x7d 0x29 
LookupTableComponent   5  [20000]  0x29 0x0a 0x20 0x20 0x20 0x20 0x7d 0x29 
LookupTableComponent   6  [20000]  0x29 0x0a 0x20 0x20 0x20 0x20 0x7d 0x29 
LookupTableComponent   7  [20000]  0x29 0x0a 0x20 0x20 0x20 0x20 0x7d 0x29 
LookupTableComponent   8  [20000]  0x29 0x0a 0x20 0x20 0x20 0x20 0x7d 0x29 
LookupTableComponent   9  [20000]  0x29 0x0a 0x20 0x20 0x20 0x20 0x7d 0x29 
LookupTableComponent   0  [21000]  0x0a 0x0a 0x66 0x6f 0x72 0x20 0x69 0x20 
LookupTableComponent   1  [21000]  0x0a 0x0a 0x66 0x6f 0x72 0x20 0x69 0x20 
LookupTableComponent   2  [21000]  0x0a 0x0a 0x66 0x6f 0x72 0x20 0x69 0x20 
LookupTableComponent   3  [21000]  0x0a 0x0a 0x66 0x6f 0x72 0x20 0x69 0x20 
LookupTableComponent   4  [21000]  0x0a 0x0a 0x66 0x6f 0x72 0x20 0x69 0x20 
LookupTableComponent   5  [21000]  0x0a 0x0a 0x66 0x6f 0x72 0x20 0x69 0x20 
LookupTableComponent   6  [21000]  0x0a 0x0a 0x66 0x6f 0x72 0x20 0x69 0x20 
LookupTableComponent   7  [21000]  0x0a 0x0a 0x66 0x6f 0x72 0x20 0x69 0x20 
LookupTableComponent   8  [21000]  0x0a 0x0a 0x66 0x6f 0x72 0x20 0x69 0x20 
LookupTableComponent   9  [21000]  0x0a 0x0a 0x66 0x6f 0x72 0x20 0x69 0x20 
LookupTableComponent   0  [22000]  0x69 0x6e 0x20 0x72 0x61 0x6e 0x67 0x65 
LookupTableComponent   1  [22000]  0x69 0x6e 0x20 0x72 0x61 0x6e 0x67 0x65 
LookupTableComponent   2  [22000]  0x69 0x6e 0x20 0x72 0x61 0x6e 0x67 0x65 
LookupTableComponent   3  [22000]  0x69 0x6e 0x20 0x72 0x61 0x6e 0x67 0x65 
LookupTableComponent   4  [22000]  0x69 0x6e 0x20 0x72 0x61 0x6e 0x67 0x65 
LookupTableComponent   5  [22000]  0x69 0x6e 0x20 0x72 0x61 0x6e 0x67 0x65 
LookupTableComponent   6  [22000]  0x69 0x6e 0x20 0x72 0x61 0x6e 0x67 0x65 
LookupTableComponent   7  [22000]  0x69 0x6e 0x20 0x72 0x61 0x6e 0x67 0x65 
LookupTableComponent   8  [22000]  0x69 0x6e 0x20 0x72 0x61 0x6e 0x67 0x65 
LookupTableComponent   9  [22000]  0x69 0x6e 0x20 0x72 0x61 0x6e 0x67 0x65 
LookupTableComponent   0  [23000]  0x28 0x31 0x30 0x29 0x3a 0x0a 0x20 0x20 
LookupTableComponent   1  [23000]  0x28 0x31 0x30 0x29 0x3a 0x0a 0x20 0x20 
LookupTableComponent   2  [23000]  0x28 0x31 0x30 0x29 0x3a 0x0a 0x20 0x20 
LookupTableComponent   3  [23000]  0x28 0x31 0x30 0x29 0x3a 0x0a 0x20 0x20 
LookupTableComponent   4  [23000]  0x28 0x31 0x30 0x29 0x3a 0x0a 0x20 0x20 
LookupTableComponent   5  [23000]  0x28 0x31 0x30 0x29 0x3a 0x0a 0x20 0x20 
LookupTableComponent   6  [23000]  0x28 0x31 0x30 0x29 0x3a 0x0a 0x20 0x20 
LookupTableComponent   7  [23000]  0x28 0x31 0x30 0x29 0x3a 0x0a 0x20 0x20 
LookupTableComponent   8  [23000]  0x28 0x31 0x30 0x29 0x3a 0x0a 0x20 0x20 
LookupTableComponent   9  [23000]  0x28 0x31 0x30 0x29 0x3a 0x0a 0x20 0x20 
LookupTableComponent   0  [24000]  0x20 0x20 0x63 0x6f 0x6d 0x70 0x20 0x3d 
LookupTableComponent   1  [24000]  0x20 0x20 0x63 0x6f 0x6d 0x70 0x20 0x3d 
LookupTableComponent   2  [24000]  0x20 0x20 0x63 0x6f 0x6d 0x70 0x20 0x3d 
LookupTableComponent   3  [24000]  0x20 0x20 0x63 0x6f 0x6d 0x70 0x20 0x3d 
LookupTableComponent   4  [24000]  0x20 0x20 0x63 0x6f 0x6d 0x70 0x20 0x3d 
LookupTableComponent   5  [24000]  0x20 0x20 0x63 0x6f 0x6d 0x70 0x20 0x3d 
LookupTableComponent   6  [24000]  0x20 0x20 0x63 0x6f 0x6d 0x70 0x20 0x3d 
LookupTableComponent   7  [24000]  0x20 0x20 0x63 0x6f 0x6d 0x70 0x20 0x3d 
LookupTableComponent   8  [24000]  0x20 0x20 0x63 0x6f 0x6d 0x70 0x20 0x3d 
LookupTableComponent   9  [24000]  0x20 0x20 0x63 0x6f 0x6d 0x70 0x20 0x3d 
LookupTableComponent   0  [25000]  0x20 0x73 0x73 0x74 0x2e 0x43 0x6f 0x6d 
LookupTableComponent   1  [25000]  0x20 0x73 0x73 0x74 0x2e 0x43 0x6f 0x6d 
LookupTableComponent   2  [25000]  0x20 0x73 0x73 0x74 0x2e 0x43 0x6f 0x6d 
LookupTableComponent   3  [25000]  0x20 0x73 0x73 0x74 0x2e 0x43 0x6f 0x6d 
LookupTableComponent   4  [25000]  0x20 0x73 0x73 0x74 0x2e 0x43 0x6f 0x6d 
LookupTableComponent   5  [25000]  0x20 0x73 0x73 0x74 0x2e 0x43 0x6f 0x6d 
LookupTableComponent   6  [25000]  0x20 0x73 0x73 0x74 0x2e 0x43 0x6f 0x6d 
LookupTableComponent   7  [25000]  0x20 0x73 0x73 0x74 0x2e 0x43 0x6f 0x6d 
LookupTableComponent   8  [25000]  0x20 0x73 0x73 0x74 0x2e 0x43 0x6f 0x6d 
LookupTableComponent   9  [25000]  0x20 0x73 0x73 0x74 0x2e 0x43 0x6f 0x6d 
LookupTableComponent   0  [26000]  0x70 0x6f 0x6e 0x65 0x6e 0x74 0x28 0x22 
LookupTableComponent   1  [26000]  0x70 0x6f 0x6e 0x65 0x6e 0x74 0x28 0x22 
LookupTableComponent   2  [26000]  0x70 0x6f 0x6e 0x65 0x6e 0x74 0x28 0x22 
LookupTableComponent   3  [26000]  0x70 0x6f 0x6e 0x65 0x6e 0x74 0x28 0x22 
LookupTableComponent   4  [26000]  0x70 0x6f 0x6e 0x65 0x6e 0x74 0x28 0x22 
LookupTableComponent   5  [26000]  0x70 0x6f 0x6e 0x65 0x6e 0x74 0x28 0x22 
LookupTableComponent   6  [26000]  0x70 0x6f 0x6e 0x65 0x6e 0x74 0x28 0x22 
LookupTableComponent   7  [26000]  0x70 0x6f 0x6e 0x65 0x6e 0x74 0x28 0x22 
LookupTableComponent   8  [26000]  0x70 0x6f 0x6e 0x65 0x6e 0x74 0x28 0x22 
LookupTableComponent   9  [26000]  0x70 0x6f 0x6e 0x65 0x6e 0x74 0x28 0x22 
LookupTableComponent   0  [27000]  0x54 0x61 0x62 0x6c 0x65 0x20 0x43 0x6f 
LookupTableComponent   1  [27000]  0x54 0x61 0x62 0x6c 0x65 0x20 0x43 0x6f 
LookupTableComponent   2  [27000]  0x54 0x61 0x62 0x6c 0x65 0x20 0x43 0x6f 
LookupTableComponent   3  [27000]  0x54 0x61 0x62 0x6c 0x65 0x20 0x43 0x6f 
LookupTableComponent   4  [27000]  0x54 0x61 0x62 0x6c 0x65 0x20 0x43 0x6f 
LookupTableComponent   5  [27000]  0x54 0x61 0x62 0x6c 0x65 0x20 0x43 0x6f 
LookupTableComponent   6  [27000]  0x54 0x61 0x62 0x6c 0x65 0x20 0x43 0x6f 
LookupTableComponent   7  [27000]  0x54 0x61 0x62 0x6c 0x65 0x20 0x43 0x6f 
LookupTableComponent   8  [27000]  0x54 0x61 0x62 0x6c 0x65 0x20 0x43 0x6f 
LookupTableComponent   9  [27000]  0x54 0x61 0x62 0x6c 0x65 0x20 0x43 0x6f 
LookupTableComponent   0  [28000]  0x6d 0x70 0x20 0x25 0x64 0x22 0x25 0x69 
LookupTableComponent   1  [28000]  0x6d 0x70 0x20 0x25 0x64 0x22 0x25 0x69 
LookupTableComponent   2  [28000]  0x6d 0x70 0x20 0x25 0x64 0x22 0x25 0x69 
LookupTableComponent   3  [28000]  0x6d 0x70 0x20 0x25 0x64 0x22 0x25 0x69 
LookupTableComponent   4  [28000]  0x6d 0x70 0x20 0x25 0x64 0x22 0x25 0x69 
LookupTableComponent   5  [28000]  0x6d 0x70 0x20 0x25 0x64 0x22 0x25 0x69 
LookupTableComponent   6  [28000]  0x6d 0x70 0x20 0x25 0x64 0x22 0x25 0x69 
LookupTableComponent   7  [28000]  0x6d 0x70 0x20 0x25 0x64 0x22 0x25 0x69 
LookupTableComponent   8  [28000]  0x6d 0x70 0x20 0x25 0x64 0x22 0x25 0x69 
LookupTableComponent   9  [28000]  0x6d 0x70 0x20 0x25 0x64 0x22 0x25 0x69 
LookupTableComponent   0  [29000]  0x2c 0x20 0x22 0x73 0x69 0x6d 0x70 0x6c 
LookupTableComponent   1  [29000]  0x2c 0x20 0x22 0x73 0x69 0x6d 0x70 0x6c 
LookupTableComponent   2  [29000]  0x2c 0x20 0x22 0x73 0x69 0x6d 0x70 0x6c 
LookupTableComponent   3  [29000]  0x2c 0x20 0x22 0x73 0x69 0x6d 0x70 0x6c 
LookupTableComponent   4  [29000]  0x2c 0x20 0x22 0x73 0x69 0x6d 0x70 0x6c 
LookupTableComponent   5  [29000]  0x2c 0x20 0x22 0x73 0x69 0x6d 0x70 0x6c 
LookupTableComponent   6  [29000]  0x2c 0x20 0x22 0x73 0x69 0x6d 0x70 0x6c 
LookupTableComponent   7  [29000]  0x2c 0x20 0x22 0x73 0x69 0x6d 0x70 0x6c 
LookupTableComponent   8  [29000]  0x2c 0x20 0x22 0x73 0x69 0x6d 0x70 0x6c 
LookupTableComponent   9  [29000]  0x2c 0x20 0x22 0x73 0x69 0x6d 0x70 0x6c 
LookupTableComponent   0  [30000]  0x65 0x45 0x6c 0x65 0x6d 0x65 0x6e 0x74 
LookupTableComponent   1  [30000]  0x65 0x45 0x6c 0x65 0x6d 0x65 0x6e 0x74 
LookupTableComponent   2  [30000]  0x65 0x45 0x6c 0x65 0x6d 0x65 0x6e 0x74 
LookupTableComponent   3  [30000]  0x65 0x45 0x6c 0x65 0x6d 0x65 0x6e 0x74 
LookupTableComponent   4  [30000]  0x65 0x45 0x6c 0x65 0x6d 0x65 0x6e 0x74 
LookupTableComponent   5  [30000]  0x65 0x45 0x6c 0x65 0x6d 0x65 0x6e 0x74 
LookupTableComponent   6  [30000]  0x65 0x45 0x6c 0x65 0x6d 0x65 0x6e 0x74 
LookupTableComponent   7  [30000]  0x65 0x45 0x6c 0x65 0x6d 0x65 0x6e 0x74 
LookupTableComponent   8  [30000]  0x65 0x45 0x6c 0x65 0x6d 0x65 0x6e 0x74 
LookupTableComponent   9  [30000]  0x65 0x45 0x6c 0x65 0x6d 0x65 0x6e 0x74 
LookupTableComponent   0  [31000]  0x45 0x78 0x61 0x6d 0x70 0x6c 0x65 0x2e 
LookupTableComponent   1  [31000]  0x45 0x78 0x61 0x6d 0x70 0x6c 0x65 0x2e 
LookupTableComponent   2  [31000]  0x45 0x78 0x61 0x6d 0x70 0x6c 0x65 0x2e 
LookupTableComponent   3  [31000]  0x45 0x78 0x61 0x6d 0x70 0x6c 0x65 0x2e 
LookupTableComponent   4  [31000]  0x45 0x78 0x61 0x6d 0x70 0x6c 0x65 0x2e 
LookupTableComponent   5  [31000]  0x45 0x78 0x61 0x6d 0x70 0x6c 0x65 0x2e 
LookupTableComponent   6  [31000]  0x45 0x78 0x61 0x6d 0x70 0x6c 0x65 0x2e 
LookupTableComponent   7  [31000]  0x45 0x78 0x61 0x6d 0x70 0x6c 0x65 0x2e 
LookupTableComponent   8  [31000]  0x45 0x78 0x61 0x6d 0x70 0x6c 0x65 0x2e 
LookupTableComponent   9  [31000]  0x45 0x78 0x61 0x6d 0x70 0x6c 0x65 0x2e 
LookupTableComponent   0  [32000]  0x73 0x69 0x6d 0x70 0x6c 0x65 0x4c 0x6f 
LookupTableComponent   1  [32000]  0x73 0x69 0x6d 0x70 0x6c 0x65 0x4c 0x6f 
LookupTableComponent   2  [32000]  0x73 0x69 0x6d 0x70 0x6c 0x65 0x4c 0x6f 
LookupTableComponent   3  [32000]  0x73 0x69 0x6d 0x70 0x6c 0x65 0x4c 0x6f 
LookupTableComponent   4  [32000]  0x73 0x69 0x6d 0x70 0x6c 0x65 0x4c 0x6f 
LookupTableComponent   5  [32000]  0x73 0x69 0x6d 0x70 0x6c 0x65 0x4c 0x6f 
LookupTableComponent   6  [32000]  0x73 0x69 0x6d 0x70 0x6c 0x65 0x4c 0x6f 
LookupTableComponent   7  [32000]  0x73 0x69 0x6d 0x70 0x6c 0x65 0x4c 0x6f 
LookupTableComponent   8  [32000]  0x73 0x69 0x6d 0x70 0x6c 0x65 0x4c 0x6f 
LookupTableComponent   9  [32000]  0x73 0x69 0x6d 0x70 0x6c 0x65 0x4c 0x6f 
LookupTableComponent   0  [33000]  0x6f 0x6b 0x75 0x70 0x54 0x61 0x62 0x6c 
LookupTableComponent   1  [33000]  0x6f 0x6b 0x75 0x70 0x54 0x61 0x62 0x6c 
LookupTableComponent   2  [33000]  0x6f 0x6b 0x75 0x70 0x54 0x61 0x62 0x6c 
LookupTableComponent   3  [33000]  0x6f 0x6b 0x75 0x70 0x54 0x61 0x62 0x6c 
LookupTableComponent   4  [33000]  0x6f 0x6b 0x75 0x70 0x54 0x61 0x62 0x6c 
LookupTableComponent   5  [33000]  0x6f 0x6b 0x75 0x70 0x54 0x61 0x62 0x6c 
LookupTableComponent   6  [33000]  0x6f 0x6b 0x75 0x70 0x54 0x61 0x62 0x6c 
LookupTableComponent   7  [33000]  0x6f 0x6b 0x75 0x70 0x54 0x61 0x62 0x6c 
LookupTableComponent   8  [33000]  0x6f 0x6b 0x75 0x70 0x54 0x61 0x62 0x6c 
LookupTableComponent   9  [33000]  0x6f 0x6b 0x75 0x70 0x54 0x61 0x62 0x6c 
LookupTableComponent   0  [34000]  0x65 0x43 0x6f 0x6d 0x70 0x6f 0x6e 0x65 
LookupTableComponent   1  [34000]  0x65 0x43 0x6f 0x6d 0x70 0x6f 0x6e 0x65 
LookupTableComponent   2  [34000]  0x65 0x43 0x6f 0x6d 0x70 0x6f 0x6e 0x65 
LookupTableComponent   3  [34000]  0x65 0x43 0x6f 0x6d 0x70 0x6f 0x6e 0x65 
LookupTableComponent   4  [34000]  0x65 0x43 0x6f 0x6d 0x70 0x6f 0x6e 0x65 
LookupTableComponent   5  [34000]  0x65 0x43 0x6f 0x6d 0x70 0x6f 0x6e 0x65 
LookupTableComponent   6  [34000]  0x65 0x43 0x6f 0x6d 0x70 0x6f 0x6e 0x65 
LookupTableComponent   7  [34000]  0x65 0x43 0x6f 0x6d 0x70 0x6f 0x6e 0x65 
LookupTableComponent   8  [34000]  0x65 0x43 0x6f 0x6d 0x70 0x6f 0x6e 0x65 
LookupTableComponent   9  [34000]  0x65 0x43 0x6f 0x6d 0x70 0x6f 0x6e 0x65 
LookupTableComponent   0  [35000]  0x6e 0x74 0x22 0x29 0x0a 0x20 0x20 0x20 
LookupTableComponent   1  [35000]  0x6e 0x74 0x22 0x29 0x0a 0x20 0x20 0x20 
LookupTableComponent   2  [35000]  0x6e 0x74 0x22 0x29 0x0a 0x20 0x20 0x20 
LookupTableComponent   3  [35000]  0x6e 0x74 0x22 0x29 0x0a 0x20 0x20 0x20 
LookupTableComponent   4  [35000]  0x6e 0x74 0x22 0x29 0x0a 0x20 0x20 0x20 
LookupTableComponent   5  [35000]  0x6e 0x74 0x22 0x29 0x0a 0x20 0x20 0x20 
LookupTableComponent   6  [35000]  0x6e 0x74 0x22 0x29 0x0a 0x20 0x20 0x20 
LookupTableComponent   7  [35000]  0x6e 0x74 0x22 0x29 0x0a 0x20 0x20 0x20 
LookupTableComponent   8  [35000]  0x6e 0x74 0x22 0x29 0x0a 0x20 0x20 0x20 
LookupTableComponent   9  [35000]  0x6e 0x74 0x22 0x29 0x0a 0x20 0x20 0x20 
LookupTableComponent   0  [36000]  0x20 0x63 0x6f 0x6d 0x70 0x2e 0x61 0x64 
LookupTableComponent   1  [36000]  0x20 0x63 0x6f 0x6d 0x70 0x2e 0x61 0x64 
LookupTableComponent   2  [36000]  0x20 0x63 0x6f 0x6d 0x70 0x2e 0x61 0x64 
LookupTableComponent   3  [36000]  0x20 0x63 0x6f 0x6d 0x70 0x2e 0x61 0x64 
LookupTableComponent   4  [36000]  0x20 0x63 0x6f 0x6d 0x70 0x2e 0x61 0x64 
LookupTableComponent   5  [36000]  0x20 0x63 0x6f 0x6d 0x70 0x2e 0x61 0x64 
LookupTableComponent   6  [36000]  0x20 0x63 0x6f 0x6d 0x70 0x2e 0x61 0x64 
LookupTableComponent   7  [36000]  0x20 0x63 0x6f 0x6d 0x70 0x2e 0x61 0x64 
LookupTableComponent   8  [36000]  0x20 0x63 0x6f 0x6d 0x70 0x2e 0x61 0x64 
LookupTableComponent   9  [36000]  0x20 0x63 0x6f 0x6d 0x70 0x2e 0x61 0x64 
LookupTableComponent   0  [37000]  0x64 0x50 0x61 0x72 0x61 0x6d 0x73 0x28 
LookupTableComponent   1  [37000]  0x64 0x50 0x61 0x72 0x61 0x6d 0x73 0x28 
LookupTableComponent   2  [37000]  0x64 0x50 0x61 0x72 0x61 0x6d 0x73 0x28 
LookupTableComponent   3  [37000]  0x64 0x50 0x61 0x72 0x61 0x6d 0x73 0x28 
LookupTableComponent   4  [37000]  0x64 0x50 0x61 0x72 0x61 0x6d 0x73 0x28 
LookupTableComponent   5  [37000]  0x64 0x50 0x61 0x72 0x61 0x6d 0x73 0x28 
LookupTableComponent   6  [37000]  0x64 0x50 0x61 0x72 0x61 0x6d 0x73 0x28 
LookupTableComponent   7  [37000]  0x64 0x50 0x61 0x72 0x61 0x6d 0x73 0x28 
LookupTableComponent   8  [37000]  0x64 0x50 0x61 0x72 0x61 0x6d 0x73 0x28 
LookupTableComponent   9  [37000]  0x64 0x50 0x61 0x72 0x61 0x6d 0x73 0x28 
LookupTableComponent   0  [38000]  0x70 0x61 0x72 0x61 0x6d 0x73 0x29 0x0a 
LookupTableComponent   1  [38000]  0x70 0x61 0x72 0x61 0x6d 0x73 0x29 0x0a 
LookupTableComponent   2  [38000]  0x70 0x61 0x72 0x61 0x6d 0x73 0x29 0x0a 
LookupTableComponent   3  [38000]  0x70 0x61 0x72 0x61 0x6d 0x73 0x29 0x0a 
LookupTableComponent   4  [38000]  0x70 0x61 0x72 0x61 0x6d 0x73 0x29 0x0a 
LookupTableComponent   5  [38000]  0x70 0x61 0x72 0x61 0x6d 0x73 0x29 0x0a 
LookupTableComponent   6  [38000]  0x70 0x61 0x72 0x61 0x6d 0x73 0x29 0x0a 
LookupTableComponent   7  [38000]  0x70 0x61 0x72 0x61 0x6d 0x73 0x29 0x0a 
LookupTableComponent   8  [38000]  0x70 0x61 0x72 0x61 0x6d 0x73 0x29 0x0a 
LookupTableComponent   9  [38000]  0x70 0x61 0x72 0x61 0x6d 0x73 0x29 0x0a 
LookupTableComponent   0  [39000]  0x0a 
LookupTableComponent   1  [39000]  0x0a 
LookupTableComponent   2  [39000]  0x0a 
LookupTableComponent   3  [39000]  0x0a 
LookupTableComponent   4  [39000]  0x0a 
LookupTableComponent   5  [39000]  0x0a 
LookupTableComponent   6  [39000]  0x0a 
LookupTableComponent   7  [39000]  0x0a 
LookupTableComponent   8  [39000]  0x0a 
LookupTableComponent   9  [39000]  0x0a 
Simulation is complete, simulated time: 39 ns
