RNGComponentRandom: 99996 of 100000  0.254617314146510 4235966432, 1003267342579959896, 963940942, 9111001969615659296
RNGComponentRandom: 99997 of 100000  0.561000477886060 997270640, 7413780041937985326, -1645739045, -4515848590841315392
RNGComponentRandom: 99998 of 100000  0.430191401725214 2313261375, 15090736794122865906, -261287366, -2903378074127197237
RNGComponentRandom: 99999 of 100000  0.696641895849407 2894902873, 4608316537348495459, -1303434547, 5128265867250102419
RNGComponentRandom: 100000 of 100000  0.178580938647171 885291016, 10267712156565189706, 1891228477, -3985593714491414659
