Component Finished.
Component Finished.
Component Finished.
Component Finished.
Component Finished.
Component Finished.
Component Finished.
Component Finished.
Component Finished.
Component Finished.
Component Finished.
Component Finished.
Component Finished.
Component Finished.
Component Finished.
Component Finished.
Component Finished.
Component Finished.
Component Finished.
Component Finished.
Component Finished.
Component Finished.
Component Finished.
Component Finished.
Component Finished.
Component Finished.
Component Finished.
Component Finished.
Component Finished.
Component Finished.
Component Finished.
Component Finished.
Component Finished.
Component Finished.
Component Finished.
Component Finished.
Component Finished.
Component Finished.
Component Finished.
Component Finished.
Component Finished.
Component Finished.
Component Finished.
Component Finished.
Component Finished.
Component Finished.
Component Finished.
Component Finished.
Component Finished.
Component Finished.
Component Finished.
Component Finished.
Component Finished.
Component Finished.
Component Finished.
Component Finished.
Component Finished.
Component Finished.
Component Finished.
Component Finished.
Component Finished.
Component Finished.
Component Finished.
Component Finished.
Component Finished.
Component Finished.
Component Finished.
Component Finished.
Component Finished.
Component Finished.
Component Finished.
Component Finished.
Component Finished.
Component Finished.
Component Finished.
Component Finished.
Component Finished.
Component Finished.
Component Finished.
Component Finished.
Component Finished.
Component Finished.
Component Finished.
Component Finished.
Component Finished.
Component Finished.
Component Finished.
Component Finished.
Component Finished.
Component Finished.
Component Finished.
Component Finished.
Component Finished.
Component Finished.
Component Finished.
Component Finished.
Component Finished.
Component Finished.
Component Finished.
Component Finished.
Simulation is complete, simulated time: 25 us
