WARNING: Building component "Component0" with no links assigned.
Simulation is complete, simulated time: 0 s
