# Creating simulation checkpoint at simulated time period of 1.2us.
(111000) Got an unmodified event
(211000) Got an unmodified event
(311000) Got an unmodified event
(411000) Got an unmodified event
(511000) Got an unmodified event
(611000) Got an unmodified event
(711000) Got an unmodified event
(811000) Got an unmodified event
(911000) Got an unmodified event
(1011000) Got an unmodified event
(1111000) Got an unmodified event
# Simulation Checkpoint: Simulated Time 1.2 us (Real CPU time since last checkpoint 0.00107 seconds)
(1211000) Got an unmodified event
(1311000) Got an unmodified event
(1411000) Got an unmodified event
(1511000) Got an unmodified event
(1611000) Got an unmodified event
(1711000) Got an unmodified event
(1811000) Got an unmodified event
(1911000) Got an unmodified event
(2011000) Got an unmodified event
Simulation is complete, simulated time: 2.111 us
