['--param=object_type:array', '--param=num_entities:12', '--param=full_initialization:true', '--param=checkpoint:true']
{'object_type': 'array', 'num_entities': '12', 'full_initialization': 'true', 'checkpoint': 'true'}
# Creating simulation checkpoint at simulated time period of 2.5ns.
@ Setup, Array = 0 1 2 3 4 5 6 7 8 9 10 11 
@ Setup, Array = 0 1 2 3 4 5 6 7 8 9 10 11 
@ Setup, Array = 0 1 2 3 4 5 6 7 8 9 10 11 
@ Setup, Array = 0 1 2 3 4 5 6 7 8 9 10 11 
@ Setup, Array = 0 1 2 3 4 5 6 7 8 9 10 11 
@ Setup, Array = 0 1 2 3 4 5 6 7 8 9 10 11 
@ Setup, Array = 0 1 2 3 4 5 6 7 8 9 10 11 
@ Setup, Array = 0 1 2 3 4 5 6 7 8 9 10 11 
@ Setup, Array = 0 1 2 3 4 5 6 7 8 9 10 11 
@ Setup, Array = 0 1 2 3 4 5 6 7 8 9 10 11 
@ Setup, Array = 0 1 2 3 4 5 6 7 8 9 10 11 
@ Setup, Array = 0 1 2 3 4 5 6 7 8 9 10 11 
# Simulation Checkpoint: Simulated Time 2.5 ns (Real CPU time since last checkpoint 0.00159 seconds)
# Simulation Checkpoint: Simulated Time 5 ns (Real CPU time since last checkpoint 0.00919 seconds)
# Simulation Checkpoint: Simulated Time 7.5 ns (Real CPU time since last checkpoint 0.01417 seconds)
# Simulation Checkpoint: Simulated Time 10 ns (Real CPU time since last checkpoint 0.00822 seconds)
@ Finish, Array = 0 1 2 3 4 5 6 7 8 9 10 11 
@ Finish, Array = 0 1 2 3 4 5 6 7 8 9 10 11 
@ Finish, Array = 0 1 2 3 4 5 6 7 8 9 10 11 
@ Finish, Array = 0 1 2 3 4 5 6 7 8 9 10 11 
@ Finish, Array = 0 1 2 3 4 5 6 7 8 9 10 11 
@ Finish, Array = 0 1 2 3 4 5 6 7 8 9 10 11 
@ Finish, Array = 0 1 2 3 4 5 6 7 8 9 10 11 
@ Finish, Array = 0 1 2 3 4 5 6 7 8 9 10 11 
@ Finish, Array = 0 1 2 3 4 5 6 7 8 9 10 11 
@ Finish, Array = 0 1 2 3 4 5 6 7 8 9 10 11 
@ Finish, Array = 0 1 2 3 4 5 6 7 8 9 10 11 
@ Finish, Array = 0 1 2 3 4 5 6 7 8 9 10 11 
Simulation is complete, simulated time: 12 ns
