Perf Test Component Finished.
Perf Test Component Finished.
Perf Test Component Finished.
Perf Test Component Finished.
Perf Test Component Finished.
Perf Test Component Finished.
Perf Test Component Finished.
Perf Test Component Finished.
Perf Test Component Finished.
Perf Test Component Finished.
Perf Test Component Finished.
Perf Test Component Finished.
Perf Test Component Finished.
Perf Test Component Finished.
Perf Test Component Finished.
Perf Test Component Finished.
Simulation is complete, simulated time: 10 us
