0: received event at: 13 ns on link West
1: received event at: 15 ns on link West
1: received event at: 21 ns on link East
0: received event at: 24 ns on link West
0: received event at: 26 ns on link East
1: received event at: 26 ns on link West
1: received event at: 34 ns on link East
0: received event at: 35 ns on link West
1: received event at: 37 ns on link West
0: received event at: 38 ns on link East
2: received event at: 45 ns on link West
0: received event at: 46 ns on link West
1: received event at: 47 ns on link East
1: received event at: 48 ns on link West
0: received event at: 50 ns on link East
3: received event at: 50 ns on link West
2: received event at: 57 ns on link West
1: received event at: 60 ns on link East
2: received event at: 61 ns on link East
0: received event at: 62 ns on link East
3: received event at: 63 ns on link West
2: received event at: 69 ns on link West
3: received event at: 75 ns on link East
2: received event at: 75 ns on link East
3: received event at: 76 ns on link West
2: received event at: 81 ns on link West
3: received event at: 89 ns on link East
2: received event at: 89 ns on link East
3: received event at: 89 ns on link West
3: received event at: 103 ns on link East
2: received event at: 103 ns on link East
3: received event at: 117 ns on link East
Simulation is complete, simulated time: 117 ns
