
-----------------------------
Rank = 0, thread = 0:

events
Name, recv count
coreTestElement.message_mesh.message_port, 639936
