# Event rate = 8.568284 Mmsgs/s
Simulation is complete, simulated time: 10 us

Undeleted Mempool Items:
  MemPoolTestEvent2 to be delivered at 1000
  MemPoolTestEvent2 to be delivered at 1000
  MemPoolTestEvent2 to be delivered at 1000
  MemPoolTestEvent1 to be delivered at 1000
  MemPoolTestEvent1 to be delivered at 1000
  MemPoolTestEvent1 to be delivered at 1000
  MemPoolTestEvent1 to be delivered at 1000
  MemPoolTestEvent1 to be delivered at 1000
  MemPoolTestEvent1 to be delivered at 1000
  MemPoolTestEvent1 to be delivered at 1000
  MemPoolTestEvent1 to be delivered at 1000
  MemPoolTestEvent1 to be delivered at 1000
