FATAL:  SST Core: ERROR:  Attempting to connect to unknown port: Qlink, in component c1 of type coreTestElement.coreTestLinks.
