WARNING:  Found unused link: unused_link
FATAL:  SST Core: Structure errors found in the ConfigGraph.
