['--param=object_type:bool_array', '--param=num_entities:12', '--param=full_initialization:true', '--param=checkpoint:true']
{'object_type': 'bool_array', 'num_entities': '12', 'full_initialization': 'true', 'checkpoint': 'true'}
# Creating simulation checkpoint at simulated time period of 2.5ns.
@ Setup, Array<bool> = false true false true false true false true false true false true 
@ Setup, Array<bool> = false true false true false true false true false true false true 
@ Setup, Array<bool> = false true false true false true false true false true false true 
@ Setup, Array<bool> = false true false true false true false true false true false true 
@ Setup, Array<bool> = false true false true false true false true false true false true 
@ Setup, Array<bool> = false true false true false true false true false true false true 
@ Setup, Array<bool> = false true false true false true false true false true false true 
@ Setup, Array<bool> = false true false true false true false true false true false true 
@ Setup, Array<bool> = false true false true false true false true false true false true 
@ Setup, Array<bool> = false true false true false true false true false true false true 
@ Setup, Array<bool> = false true false true false true false true false true false true 
@ Setup, Array<bool> = false true false true false true false true false true false true 
Clock, SharedArray[0]=false
Clock, SharedArray[0]=false
Clock, SharedArray[0]=false
Clock, SharedArray[0]=false
Clock, SharedArray[0]=false
Clock, SharedArray[0]=false
Clock, SharedArray[0]=false
Clock, SharedArray[0]=false
Clock, SharedArray[0]=false
Clock, SharedArray[0]=false
Clock, SharedArray[0]=false
Clock, SharedArray[0]=false
Clock, SharedArray[1]=true
Clock, SharedArray[1]=true
Clock, SharedArray[1]=true
Clock, SharedArray[1]=true
Clock, SharedArray[1]=true
Clock, SharedArray[1]=true
Clock, SharedArray[1]=true
Clock, SharedArray[1]=true
Clock, SharedArray[1]=true
Clock, SharedArray[1]=true
Clock, SharedArray[1]=true
Clock, SharedArray[1]=true
# Simulation Checkpoint: Simulated Time 2.5 ns (Real CPU time since last checkpoint 0.00141 seconds)
Clock, SharedArray[2]=false
Clock, SharedArray[2]=false
Clock, SharedArray[2]=false
Clock, SharedArray[2]=false
Clock, SharedArray[2]=false
Clock, SharedArray[2]=false
Clock, SharedArray[2]=false
Clock, SharedArray[2]=false
Clock, SharedArray[2]=false
Clock, SharedArray[2]=false
Clock, SharedArray[2]=false
Clock, SharedArray[2]=false
Clock, SharedArray[3]=true
Clock, SharedArray[3]=true
Clock, SharedArray[3]=true
Clock, SharedArray[3]=true
Clock, SharedArray[3]=true
Clock, SharedArray[3]=true
Clock, SharedArray[3]=true
Clock, SharedArray[3]=true
Clock, SharedArray[3]=true
Clock, SharedArray[3]=true
Clock, SharedArray[3]=true
Clock, SharedArray[3]=true
# Simulation Checkpoint: Simulated Time 5 ns (Real CPU time since last checkpoint 0.00800 seconds)
Clock, SharedArray[4]=false
Clock, SharedArray[4]=false
Clock, SharedArray[4]=false
Clock, SharedArray[4]=false
Clock, SharedArray[4]=false
Clock, SharedArray[4]=false
Clock, SharedArray[4]=false
Clock, SharedArray[4]=false
Clock, SharedArray[4]=false
Clock, SharedArray[4]=false
Clock, SharedArray[4]=false
Clock, SharedArray[4]=false
Clock, SharedArray[5]=true
Clock, SharedArray[5]=true
Clock, SharedArray[5]=true
Clock, SharedArray[5]=true
Clock, SharedArray[5]=true
Clock, SharedArray[5]=true
Clock, SharedArray[5]=true
Clock, SharedArray[5]=true
Clock, SharedArray[5]=true
Clock, SharedArray[5]=true
Clock, SharedArray[5]=true
Clock, SharedArray[5]=true
Clock, SharedArray[6]=false
Clock, SharedArray[6]=false
Clock, SharedArray[6]=false
Clock, SharedArray[6]=false
Clock, SharedArray[6]=false
Clock, SharedArray[6]=false
Clock, SharedArray[6]=false
Clock, SharedArray[6]=false
Clock, SharedArray[6]=false
Clock, SharedArray[6]=false
Clock, SharedArray[6]=false
Clock, SharedArray[6]=false
# Simulation Checkpoint: Simulated Time 7.5 ns (Real CPU time since last checkpoint 0.01223 seconds)
Clock, SharedArray[7]=true
Clock, SharedArray[7]=true
Clock, SharedArray[7]=true
Clock, SharedArray[7]=true
Clock, SharedArray[7]=true
Clock, SharedArray[7]=true
Clock, SharedArray[7]=true
Clock, SharedArray[7]=true
Clock, SharedArray[7]=true
Clock, SharedArray[7]=true
Clock, SharedArray[7]=true
Clock, SharedArray[7]=true
Clock, SharedArray[8]=false
Clock, SharedArray[8]=false
Clock, SharedArray[8]=false
Clock, SharedArray[8]=false
Clock, SharedArray[8]=false
Clock, SharedArray[8]=false
Clock, SharedArray[8]=false
Clock, SharedArray[8]=false
Clock, SharedArray[8]=false
Clock, SharedArray[8]=false
Clock, SharedArray[8]=false
Clock, SharedArray[8]=false
# Simulation Checkpoint: Simulated Time 10 ns (Real CPU time since last checkpoint 0.00823 seconds)
Clock, SharedArray[9]=true
Clock, SharedArray[9]=true
Clock, SharedArray[9]=true
Clock, SharedArray[9]=true
Clock, SharedArray[9]=true
Clock, SharedArray[9]=true
Clock, SharedArray[9]=true
Clock, SharedArray[9]=true
Clock, SharedArray[9]=true
Clock, SharedArray[9]=true
Clock, SharedArray[9]=true
Clock, SharedArray[9]=true
Clock, SharedArray[10]=false
Clock, SharedArray[10]=false
Clock, SharedArray[10]=false
Clock, SharedArray[10]=false
Clock, SharedArray[10]=false
Clock, SharedArray[10]=false
Clock, SharedArray[10]=false
Clock, SharedArray[10]=false
Clock, SharedArray[10]=false
Clock, SharedArray[10]=false
Clock, SharedArray[10]=false
Clock, SharedArray[10]=false
Clock, SharedArray[11]=true
Clock, SharedArray[11]=true
Clock, SharedArray[11]=true
Clock, SharedArray[11]=true
Clock, SharedArray[11]=true
Clock, SharedArray[11]=true
Clock, SharedArray[11]=true
Clock, SharedArray[11]=true
Clock, SharedArray[11]=true
Clock, SharedArray[11]=true
Clock, SharedArray[11]=true
Clock, SharedArray[11]=true
@ Finish, Array<bool> = false true false true false true false true false true false true 
@ Finish, Array<bool> = false true false true false true false true false true false true 
@ Finish, Array<bool> = false true false true false true false true false true false true 
@ Finish, Array<bool> = false true false true false true false true false true false true 
@ Finish, Array<bool> = false true false true false true false true false true false true 
@ Finish, Array<bool> = false true false true false true false true false true false true 
@ Finish, Array<bool> = false true false true false true false true false true false true 
@ Finish, Array<bool> = false true false true false true false true false true false true 
@ Finish, Array<bool> = false true false true false true false true false true false true 
@ Finish, Array<bool> = false true false true false true false true false true false true 
@ Finish, Array<bool> = false true false true false true false true false true false true 
@ Finish, Array<bool> = false true false true false true false true false true false true 
Simulation is complete, simulated time: 12 ns
