['--param=object_type:map', '--param=num_entities:12', '--param=full_initialization:true', '--param=checkpoint:true']
{'object_type': 'map', 'num_entities': '12', 'full_initialization': 'true', 'checkpoint': 'true'}
# Creating simulation checkpoint at simulated time period of 2.5ns.
@ Setup, Map = (0,0) (1,1) (2,2) (3,3) (4,4) (5,5) (6,6) (7,7) (8,8) (9,9) (10,10) (11,11) 
@ Setup, Map = (0,0) (1,1) (2,2) (3,3) (4,4) (5,5) (6,6) (7,7) (8,8) (9,9) (10,10) (11,11) 
@ Setup, Map = (0,0) (1,1) (2,2) (3,3) (4,4) (5,5) (6,6) (7,7) (8,8) (9,9) (10,10) (11,11) 
@ Setup, Map = (0,0) (1,1) (2,2) (3,3) (4,4) (5,5) (6,6) (7,7) (8,8) (9,9) (10,10) (11,11) 
@ Setup, Map = (0,0) (1,1) (2,2) (3,3) (4,4) (5,5) (6,6) (7,7) (8,8) (9,9) (10,10) (11,11) 
@ Setup, Map = (0,0) (1,1) (2,2) (3,3) (4,4) (5,5) (6,6) (7,7) (8,8) (9,9) (10,10) (11,11) 
@ Setup, Map = (0,0) (1,1) (2,2) (3,3) (4,4) (5,5) (6,6) (7,7) (8,8) (9,9) (10,10) (11,11) 
@ Setup, Map = (0,0) (1,1) (2,2) (3,3) (4,4) (5,5) (6,6) (7,7) (8,8) (9,9) (10,10) (11,11) 
@ Setup, Map = (0,0) (1,1) (2,2) (3,3) (4,4) (5,5) (6,6) (7,7) (8,8) (9,9) (10,10) (11,11) 
@ Setup, Map = (0,0) (1,1) (2,2) (3,3) (4,4) (5,5) (6,6) (7,7) (8,8) (9,9) (10,10) (11,11) 
@ Setup, Map = (0,0) (1,1) (2,2) (3,3) (4,4) (5,5) (6,6) (7,7) (8,8) (9,9) (10,10) (11,11) 
@ Setup, Map = (0,0) (1,1) (2,2) (3,3) (4,4) (5,5) (6,6) (7,7) (8,8) (9,9) (10,10) (11,11) 
# Simulation Checkpoint: Simulated Time 2.5 ns (Real CPU time since last checkpoint 0.00147 seconds)
# Simulation Checkpoint: Simulated Time 5 ns (Real CPU time since last checkpoint 0.01259 seconds)
# Simulation Checkpoint: Simulated Time 7.5 ns (Real CPU time since last checkpoint 0.01001 seconds)
# Simulation Checkpoint: Simulated Time 10 ns (Real CPU time since last checkpoint 0.01340 seconds)
@ Finish, Map = (0,0) (1,1) (2,2) (3,3) (4,4) (5,5) (6,6) (7,7) (8,8) (9,9) (10,10) (11,11) 
@ Finish, Map = (0,0) (1,1) (2,2) (3,3) (4,4) (5,5) (6,6) (7,7) (8,8) (9,9) (10,10) (11,11) 
@ Finish, Map = (0,0) (1,1) (2,2) (3,3) (4,4) (5,5) (6,6) (7,7) (8,8) (9,9) (10,10) (11,11) 
@ Finish, Map = (0,0) (1,1) (2,2) (3,3) (4,4) (5,5) (6,6) (7,7) (8,8) (9,9) (10,10) (11,11) 
@ Finish, Map = (0,0) (1,1) (2,2) (3,3) (4,4) (5,5) (6,6) (7,7) (8,8) (9,9) (10,10) (11,11) 
@ Finish, Map = (0,0) (1,1) (2,2) (3,3) (4,4) (5,5) (6,6) (7,7) (8,8) (9,9) (10,10) (11,11) 
@ Finish, Map = (0,0) (1,1) (2,2) (3,3) (4,4) (5,5) (6,6) (7,7) (8,8) (9,9) (10,10) (11,11) 
@ Finish, Map = (0,0) (1,1) (2,2) (3,3) (4,4) (5,5) (6,6) (7,7) (8,8) (9,9) (10,10) (11,11) 
@ Finish, Map = (0,0) (1,1) (2,2) (3,3) (4,4) (5,5) (6,6) (7,7) (8,8) (9,9) (10,10) (11,11) 
@ Finish, Map = (0,0) (1,1) (2,2) (3,3) (4,4) (5,5) (6,6) (7,7) (8,8) (9,9) (10,10) (11,11) 
@ Finish, Map = (0,0) (1,1) (2,2) (3,3) (4,4) (5,5) (6,6) (7,7) (8,8) (9,9) (10,10) (11,11) 
@ Finish, Map = (0,0) (1,1) (2,2) (3,3) (4,4) (5,5) (6,6) (7,7) (8,8) (9,9) (10,10) (11,11) 
Simulation is complete, simulated time: 12 ns
