# Event rate = 29.415596 Mmsgs/s
PASS: MemPool overflow test passed for size: 48
PASS: MemPool overflow test passed for size: 64
PASS: MemPool overflow test passed for size: 56
PASS: MemPool overflow test passed for size: 72
Simulation is complete, simulated time: 10 us
