15 received 39587 messages
14 received 39778 messages
13 received 40293 messages
12 received 40349 messages
11 received 39780 messages
10 received 40013 messages
9 received 40303 messages
8 received 40432 messages
7 received 39715 messages
6 received 39834 messages
5 received 40182 messages
4 received 40600 messages
3 received 39372 messages
2 received 39561 messages
1 received 39952 messages
0 received 40185 messages

------------------------------------------------------------
Profiling Output:

-----------------------------
Rank = 0, thread = 0:

events
Name, recv count
component0, 40185
component1, 39952
component10, 40013
component11, 39780
component12, 40349
component13, 40293
component14, 39778
component15, 39587
component2, 39561
component3, 39372
component4, 40600
component5, 40182
component6, 39834
component7, 39715
component8, 40432
component9, 40303

------------------------------------------------------------
Simulation is complete, simulated time: 10 us
