 Loader0:mySubComp[0].numSent : Accumulator : Sum.u32 = 30; SumSQ.u32 = 30; Count.u64 = 30; Min.u32 = 1; Max.u32 = 1; 
 Loader0:mySubComp[1].numSent : Accumulator : Sum.u32 = 30; SumSQ.u32 = 30; Count.u64 = 30; Min.u32 = 1; Max.u32 = 1; 
 Loader1:mySubComp[0].numRecv : Accumulator : Sum.u32 = 30; SumSQ.u32 = 30; Count.u64 = 30; Min.u32 = 1; Max.u32 = 1; 
 Loader1:mySubComp[1].numRecv : Accumulator : Sum.u32 = 30; SumSQ.u32 = 30; Count.u64 = 30; Min.u32 = 1; Max.u32 = 1; 
Simulation is complete, simulated time: 10 us
